 # 1st argument is the name of testing program.
 # If 2nd arg is YES then sanitizers wil be used.
Compiling without sanitizers.
Probably compilation fail, aborting!
